sc 								fonts/DejaVuSansCondensed.ttf
scb 							fonts/DejaVuSansCondensed-Bold.ttf
simbolos 						fonts/Recreate.ttf 
arial                           fonts/Vera.ttf
arial-bold                      fonts/VeraBd.ttf
arial-italic                    fonts/VeraIt.ttf
arial-bold-italic               fonts/VeraBI.ttf
times                           fonts/VeraSe.ttf
times-bold                      fonts/VeraSeBd.ttf
andale-mono                     fonts/VeraMono.ttf
vera_sans                       fonts/Vera.ttf
vera_sans-bold                  fonts/VeraBd.ttf
vera_sans-italic                fonts/VeraIt.ttf
vera_sans-bold-italic           fonts/VeraBI.ttf
vera_sans_mono                  fonts/VeraMono.ttf
vera_sans_mono-bold             fonts/VeraMoBd.ttf
vera_sans_mono-italic           fonts/VeraMoIt.ttf
vera_sans_mono-bold-italic      fonts/VeraMoBI.ttf
vera_serif                      fonts/VeraSe.ttf
vera_serif-bold                 fonts/VeraSeBd.ttf
pois			                fonts/pois.ttf 
z_ltcn							fonts/ZURCHCI.ttf
caslon-bd						fonts/CaslBI.ttf
arialn							fonts/Arialn.ttf
bodoni							fonts/BodonBkI.ttf    
bcn500							fonts/BCN500.ttf    